Archive member included because of file (symbol)

c:/winavr-20100110/bin/../lib/gcc/avr/4.3.3/avr25\libgcc.a(_mulhi3.o)
                              main.o (__mulhi3)
c:/winavr-20100110/bin/../lib/gcc/avr/4.3.3/avr25\libgcc.a(_udivmodhi4.o)
                              ../../libraries/adc.o (__udivmodhi4)
c:/winavr-20100110/bin/../lib/gcc/avr/4.3.3/avr25\libgcc.a(_exit.o)
                              c:/winavr-20100110/bin/../lib/gcc/avr/4.3.3/../../../../avr/lib/avr25/crttn261.o (exit)
c:/winavr-20100110/bin/../lib/gcc/avr/4.3.3/avr25\libgcc.a(_clear_bss.o)
                              ../../libraries/motor_ctl.o (__do_clear_bss)

Allocating common symbols
Common symbol       size              file

led0_Pin            0x1               ../../libraries/speedometer.o
led3_Port           0x2               ../../libraries/speedometer.o
motorB_forwardPort  0x2               ../../libraries/motor_ctl.o
motorB_forwardPin   0x1               ../../libraries/motor_ctl.o
motorA_forwardPin   0x1               ../../libraries/motor_ctl.o
motorB_reversePort  0x2               ../../libraries/motor_ctl.o
led3_Pin            0x1               ../../libraries/speedometer.o
led2_Pin            0x1               ../../libraries/speedometer.o
motorB_reversePin   0x1               ../../libraries/motor_ctl.o
led0_Port           0x2               ../../libraries/speedometer.o
motorA_reversePort  0x2               ../../libraries/motor_ctl.o
led1_Pin            0x1               ../../libraries/speedometer.o
led1_Port           0x2               ../../libraries/speedometer.o
led2_Port           0x2               ../../libraries/speedometer.o
motorA_forwardPort  0x2               ../../libraries/motor_ctl.o
motorA_reversePin   0x1               ../../libraries/motor_ctl.o

Memory Configuration

Name             Origin             Length             Attributes
text             0x00000000         0x00002000         xr
data             0x00800060         0x0000ffa0         rw !x
eeprom           0x00810000         0x00010000         rw !x
fuse             0x00820000         0x00000400         rw !x
lock             0x00830000         0x00000400         rw !x
signature        0x00840000         0x00000400         rw !x
*default*        0x00000000         0xffffffff

Linker script and memory map

LOAD c:/winavr-20100110/bin/../lib/gcc/avr/4.3.3/../../../../avr/lib/avr25/crttn261.o
LOAD main.o
LOAD ../../libraries/adc.o
LOAD ../../libraries/util.o
LOAD ../../libraries/motor_ctl.o
LOAD ../../libraries/speedometer.o
LOAD c:/winavr-20100110/bin/../lib/gcc/avr/4.3.3/../../../../avr/lib/avr25\libm.a
LOAD c:/winavr-20100110/bin/../lib/gcc/avr/4.3.3/avr25\libgcc.a
LOAD c:/winavr-20100110/bin/../lib/gcc/avr/4.3.3/../../../../avr/lib/avr25\libc.a
LOAD c:/winavr-20100110/bin/../lib/gcc/avr/4.3.3/avr25\libgcc.a

.hash
 *(.hash)

.dynsym
 *(.dynsym)

.dynstr
 *(.dynstr)

.gnu.version
 *(.gnu.version)

.gnu.version_d
 *(.gnu.version_d)

.gnu.version_r
 *(.gnu.version_r)

.rel.init
 *(.rel.init)

.rela.init
 *(.rela.init)

.rel.text
 *(.rel.text)
 *(.rel.text.*)
 *(.rel.gnu.linkonce.t*)

.rela.text
 *(.rela.text)
 *(.rela.text.*)
 *(.rela.gnu.linkonce.t*)

.rel.fini
 *(.rel.fini)

.rela.fini
 *(.rela.fini)

.rel.rodata
 *(.rel.rodata)
 *(.rel.rodata.*)
 *(.rel.gnu.linkonce.r*)

.rela.rodata
 *(.rela.rodata)
 *(.rela.rodata.*)
 *(.rela.gnu.linkonce.r*)

.rel.data
 *(.rel.data)
 *(.rel.data.*)
 *(.rel.gnu.linkonce.d*)

.rela.data
 *(.rela.data)
 *(.rela.data.*)
 *(.rela.gnu.linkonce.d*)

.rel.ctors
 *(.rel.ctors)

.rela.ctors
 *(.rela.ctors)

.rel.dtors
 *(.rel.dtors)

.rela.dtors
 *(.rela.dtors)

.rel.got
 *(.rel.got)

.rela.got
 *(.rela.got)

.rel.bss
 *(.rel.bss)

.rela.bss
 *(.rela.bss)

.rel.plt
 *(.rel.plt)

.rela.plt
 *(.rela.plt)

.text           0x00000000      0x688
 *(.vectors)
 .vectors       0x00000000       0x26 c:/winavr-20100110/bin/../lib/gcc/avr/4.3.3/../../../../avr/lib/avr25/crttn261.o
                0x00000000                __vectors
                0x00000000                __vector_default
 *(.vectors)
 *(.progmem.gcc*)
 *(.progmem*)
                0x00000026                . = ALIGN (0x2)
                0x00000026                __trampolines_start = .
 *(.trampolines)
 .trampolines   0x00000026        0x0 linker stubs
 *(.trampolines*)
                0x00000026                __trampolines_end = .
 *(.jumptables)
 *(.jumptables*)
 *(.lowtext)
 *(.lowtext*)
                0x00000026                __ctors_start = .
 *(.ctors)
                0x00000026                __ctors_end = .
                0x00000026                __dtors_start = .
 *(.dtors)
                0x00000026                __dtors_end = .
 SORT(*)(.ctors)
 SORT(*)(.dtors)
 *(.init0)
 .init0         0x00000026        0x0 c:/winavr-20100110/bin/../lib/gcc/avr/4.3.3/../../../../avr/lib/avr25/crttn261.o
                0x00000026                __init
 *(.init0)
 *(.init1)
 *(.init1)
 *(.init2)
 .init2         0x00000026        0x8 c:/winavr-20100110/bin/../lib/gcc/avr/4.3.3/../../../../avr/lib/avr25/crttn261.o
 *(.init2)
 *(.init3)
 *(.init3)
 *(.init4)
 .init4         0x0000002e       0x10 c:/winavr-20100110/bin/../lib/gcc/avr/4.3.3/avr25\libgcc.a(_clear_bss.o)
                0x0000002e                __do_clear_bss
 *(.init4)
 *(.init5)
 *(.init5)
 *(.init6)
 *(.init6)
 *(.init7)
 *(.init7)
 *(.init8)
 *(.init8)
 *(.init9)
 .init9         0x0000003e        0x4 c:/winavr-20100110/bin/../lib/gcc/avr/4.3.3/../../../../avr/lib/avr25/crttn261.o
 *(.init9)
 *(.text)
 .text          0x00000042        0x2 c:/winavr-20100110/bin/../lib/gcc/avr/4.3.3/../../../../avr/lib/avr25/crttn261.o
                0x00000042                __vector_1
                0x00000042                __vector_12
                0x00000042                __bad_interrupt
                0x00000042                __vector_6
                0x00000042                __vector_3
                0x00000042                __vector_11
                0x00000042                __vector_13
                0x00000042                __vector_17
                0x00000042                __vector_7
                0x00000042                __vector_5
                0x00000042                __vector_4
                0x00000042                __vector_9
                0x00000042                __vector_2
                0x00000042                __vector_15
                0x00000042                __vector_8
                0x00000042                __vector_14
                0x00000042                __vector_10
                0x00000042                __vector_16
                0x00000042                __vector_18
 .text          0x00000044       0xb0 main.o
                0x00000044                setupIO
                0x00000052                main
 .text          0x000000f4      0x144 ../../libraries/adc.o
                0x00000156                ADCDisable
                0x0000014e                ADCDisableInterrupt
                0x000001fe                ReadPreciseADCAveraged
                0x00000174                SetupADC
                0x0000014a                ADCEnableInterrupt
                0x0000015e                ADCFinish
                0x000001a4                ReadADCAveraged
                0x00000152                ADCEnable
                0x000000f4                ADCSetChannel
                0x00000162                ADCDone
                0x00000188                ReadADC
                0x00000120                ADCSetFreeRunning
                0x00000104                ADCSetAdjust
                0x000001de                ReadPreciseADC
                0x00000110                ADCSetPrescaler
                0x00000132                ADCSetReference
                0x0000015a                ADCStart
 .text          0x00000238       0x12 ../../libraries/util.o
                0x00000238                maskedCopy
 .text          0x0000024a      0x1f6 ../../libraries/motor_ctl.o
                0x0000030a                motorA_Stop
                0x0000024a                motorA
                0x0000034e                motorB_Forward
                0x000003d2                motorB_Stop
                0x0000027e                setDutyCycleA
                0x000002c8                motorA_Reverse
                0x00000286                motorA_Forward
                0x00000416                setupPWM
                0x00000282                setDutyCycleB
                0x00000390                motorB_Reverse
                0x00000264                motorB
 .text          0x00000440      0x1f8 ../../libraries/speedometer.o
                0x0000048a                updateSpeedometer
                0x00000440                speedometer
 .text          0x00000638        0x0 c:/winavr-20100110/bin/../lib/gcc/avr/4.3.3/avr25\libgcc.a(_mulhi3.o)
 .text          0x00000638        0x0 c:/winavr-20100110/bin/../lib/gcc/avr/4.3.3/avr25\libgcc.a(_udivmodhi4.o)
 .text          0x00000638        0x0 c:/winavr-20100110/bin/../lib/gcc/avr/4.3.3/avr25\libgcc.a(_exit.o)
 .text          0x00000638        0x0 c:/winavr-20100110/bin/../lib/gcc/avr/4.3.3/avr25\libgcc.a(_clear_bss.o)
                0x00000638                . = ALIGN (0x2)
 *(.text.*)
 .text.libgcc   0x00000638       0x24 c:/winavr-20100110/bin/../lib/gcc/avr/4.3.3/avr25\libgcc.a(_mulhi3.o)
                0x00000638                __mulhi3
 .text.libgcc   0x0000065c       0x28 c:/winavr-20100110/bin/../lib/gcc/avr/4.3.3/avr25\libgcc.a(_udivmodhi4.o)
                0x0000065c                __udivmodhi4
 .text.libgcc   0x00000684        0x0 c:/winavr-20100110/bin/../lib/gcc/avr/4.3.3/avr25\libgcc.a(_exit.o)
 .text.libgcc   0x00000684        0x0 c:/winavr-20100110/bin/../lib/gcc/avr/4.3.3/avr25\libgcc.a(_clear_bss.o)
                0x00000684                . = ALIGN (0x2)
 *(.fini9)
 .fini9         0x00000684        0x0 c:/winavr-20100110/bin/../lib/gcc/avr/4.3.3/avr25\libgcc.a(_exit.o)
                0x00000684                exit
                0x00000684                _exit
 *(.fini9)
 *(.fini8)
 *(.fini8)
 *(.fini7)
 *(.fini7)
 *(.fini6)
 *(.fini6)
 *(.fini5)
 *(.fini5)
 *(.fini4)
 *(.fini4)
 *(.fini3)
 *(.fini3)
 *(.fini2)
 *(.fini2)
 *(.fini1)
 *(.fini1)
 *(.fini0)
 .fini0         0x00000684        0x4 c:/winavr-20100110/bin/../lib/gcc/avr/4.3.3/avr25\libgcc.a(_exit.o)
 *(.fini0)
                0x00000688                _etext = .

.data           0x00800060        0x0 load address 0x00000688
                0x00800060                PROVIDE (__data_start, .)
 *(.data)
 .data          0x00800060        0x0 c:/winavr-20100110/bin/../lib/gcc/avr/4.3.3/../../../../avr/lib/avr25/crttn261.o
 .data          0x00800060        0x0 main.o
 .data          0x00800060        0x0 ../../libraries/adc.o
 .data          0x00800060        0x0 ../../libraries/util.o
 .data          0x00800060        0x0 ../../libraries/motor_ctl.o
 .data          0x00800060        0x0 ../../libraries/speedometer.o
 .data          0x00800060        0x0 c:/winavr-20100110/bin/../lib/gcc/avr/4.3.3/avr25\libgcc.a(_mulhi3.o)
 .data          0x00800060        0x0 c:/winavr-20100110/bin/../lib/gcc/avr/4.3.3/avr25\libgcc.a(_udivmodhi4.o)
 .data          0x00800060        0x0 c:/winavr-20100110/bin/../lib/gcc/avr/4.3.3/avr25\libgcc.a(_exit.o)
 .data          0x00800060        0x0 c:/winavr-20100110/bin/../lib/gcc/avr/4.3.3/avr25\libgcc.a(_clear_bss.o)
 *(.data*)
 *(.rodata)
 *(.rodata*)
 *(.gnu.linkonce.d*)
                0x00800060                . = ALIGN (0x2)
                0x00800060                _edata = .
                0x00800060                PROVIDE (__data_end, .)

.bss            0x00800060       0x18
                0x00800060                PROVIDE (__bss_start, .)
 *(.bss)
 .bss           0x00800060        0x0 c:/winavr-20100110/bin/../lib/gcc/avr/4.3.3/../../../../avr/lib/avr25/crttn261.o
 .bss           0x00800060        0x0 main.o
 .bss           0x00800060        0x0 ../../libraries/adc.o
 .bss           0x00800060        0x0 ../../libraries/util.o
 .bss           0x00800060        0x0 ../../libraries/motor_ctl.o
 .bss           0x00800060        0x0 ../../libraries/speedometer.o
 .bss           0x00800060        0x0 c:/winavr-20100110/bin/../lib/gcc/avr/4.3.3/avr25\libgcc.a(_mulhi3.o)
 .bss           0x00800060        0x0 c:/winavr-20100110/bin/../lib/gcc/avr/4.3.3/avr25\libgcc.a(_udivmodhi4.o)
 .bss           0x00800060        0x0 c:/winavr-20100110/bin/../lib/gcc/avr/4.3.3/avr25\libgcc.a(_exit.o)
 .bss           0x00800060        0x0 c:/winavr-20100110/bin/../lib/gcc/avr/4.3.3/avr25\libgcc.a(_clear_bss.o)
 *(.bss*)
 *(COMMON)
 COMMON         0x00800060        0xc ../../libraries/motor_ctl.o
                0x00800060                motorB_forwardPort
                0x00800062                motorB_forwardPin
                0x00800063                motorA_forwardPin
                0x00800064                motorB_reversePort
                0x00800066                motorB_reversePin
                0x00800067                motorA_reversePort
                0x00800069                motorA_forwardPort
                0x0080006b                motorA_reversePin
 COMMON         0x0080006c        0xc ../../libraries/speedometer.o
                0x0080006c                led0_Pin
                0x0080006d                led3_Port
                0x0080006f                led3_Pin
                0x00800070                led2_Pin
                0x00800071                led0_Port
                0x00800073                led1_Pin
                0x00800074                led1_Port
                0x00800076                led2_Port
                0x00800078                PROVIDE (__bss_end, .)
                0x00000688                __data_load_start = LOADADDR (.data)
                0x00000688                __data_load_end = (__data_load_start + SIZEOF (.data))

.noinit         0x00800078        0x0
                0x00800078                PROVIDE (__noinit_start, .)
 *(.noinit*)
                0x00800078                PROVIDE (__noinit_end, .)
                0x00800078                _end = .
                0x00800078                PROVIDE (__heap_start, .)

.eeprom         0x00810000        0x0
 *(.eeprom*)
                0x00810000                __eeprom_end = .

.fuse
 *(.fuse)
 *(.lfuse)
 *(.hfuse)
 *(.efuse)

.lock
 *(.lock*)

.signature
 *(.signature*)

.stab
 *(.stab)

.stabstr
 *(.stabstr)

.stab.excl
 *(.stab.excl)

.stab.exclstr
 *(.stab.exclstr)

.stab.index
 *(.stab.index)

.stab.indexstr
 *(.stab.indexstr)

.comment
 *(.comment)

.debug
 *(.debug)

.line
 *(.line)

.debug_srcinfo
 *(.debug_srcinfo)

.debug_sfnames
 *(.debug_sfnames)

.debug_aranges  0x00000000       0xa0
 *(.debug_aranges)
 .debug_aranges
                0x00000000       0x20 main.o
 .debug_aranges
                0x00000020       0x20 ../../libraries/adc.o
 .debug_aranges
                0x00000040       0x20 ../../libraries/util.o
 .debug_aranges
                0x00000060       0x20 ../../libraries/motor_ctl.o
 .debug_aranges
                0x00000080       0x20 ../../libraries/speedometer.o

.debug_pubnames
                0x00000000      0x3a6
 *(.debug_pubnames)
 .debug_pubnames
                0x00000000       0x27 main.o
 .debug_pubnames
                0x00000027      0x141 ../../libraries/adc.o
 .debug_pubnames
                0x00000168       0x21 ../../libraries/util.o
 .debug_pubnames
                0x00000189      0x179 ../../libraries/motor_ctl.o
 .debug_pubnames
                0x00000302       0xa4 ../../libraries/speedometer.o

.debug_info     0x00000000      0x9ac
 *(.debug_info)
 .debug_info    0x00000000       0xa0 main.o
 .debug_info    0x000000a0      0x42e ../../libraries/adc.o
 .debug_info    0x000004ce       0xb6 ../../libraries/util.o
 .debug_info    0x00000584      0x29d ../../libraries/motor_ctl.o
 .debug_info    0x00000821      0x18b ../../libraries/speedometer.o
 *(.gnu.linkonce.wi.*)

.debug_abbrev   0x00000000      0x349
 *(.debug_abbrev)
 .debug_abbrev  0x00000000       0x6e main.o
 .debug_abbrev  0x0000006e      0x175 ../../libraries/adc.o
 .debug_abbrev  0x000001e3       0x6a ../../libraries/util.o
 .debug_abbrev  0x0000024d       0x8e ../../libraries/motor_ctl.o
 .debug_abbrev  0x000002db       0x6e ../../libraries/speedometer.o

.debug_line     0x00000000      0x7ef
 *(.debug_line)
 .debug_line    0x00000000      0x11c main.o
 .debug_line    0x0000011c      0x31c ../../libraries/adc.o
 .debug_line    0x00000438       0x78 ../../libraries/util.o
 .debug_line    0x000004b0      0x1d8 ../../libraries/motor_ctl.o
 .debug_line    0x00000688      0x167 ../../libraries/speedometer.o

.debug_frame    0x00000000      0x260
 *(.debug_frame)
 .debug_frame   0x00000000       0x30 main.o
 .debug_frame   0x00000030      0x120 ../../libraries/adc.o
 .debug_frame   0x00000150       0x20 ../../libraries/util.o
 .debug_frame   0x00000170       0xc0 ../../libraries/motor_ctl.o
 .debug_frame   0x00000230       0x30 ../../libraries/speedometer.o

.debug_str      0x00000000      0x435
 *(.debug_str)
 .debug_str     0x00000000       0x7f main.o
                                 0xb3 (size before relaxing)
 .debug_str     0x0000007f      0x165 ../../libraries/adc.o
                                0x204 (size before relaxing)
 .debug_str     0x000001e4       0x33 ../../libraries/util.o
                                 0xd7 (size before relaxing)
 .debug_str     0x00000217      0x148 ../../libraries/motor_ctl.o
                                0x223 (size before relaxing)
 .debug_str     0x0000035f       0xd6 ../../libraries/speedometer.o
                                0x122 (size before relaxing)

.debug_loc      0x00000000      0x2c2
 *(.debug_loc)
 .debug_loc     0x00000000      0x171 ../../libraries/adc.o
 .debug_loc     0x00000171       0x1e ../../libraries/util.o
 .debug_loc     0x0000018f       0x31 ../../libraries/motor_ctl.o
 .debug_loc     0x000001c0      0x102 ../../libraries/speedometer.o

.debug_macinfo
 *(.debug_macinfo)
OUTPUT(lab4.elf elf32-avr)
LOAD linker stubs

Cross Reference Table

Symbol                                            File
ADCDisable                                        ../../libraries/adc.o
ADCDisableInterrupt                               ../../libraries/adc.o
ADCDone                                           ../../libraries/adc.o
ADCEnable                                         ../../libraries/adc.o
                                                  main.o
ADCEnableInterrupt                                ../../libraries/adc.o
ADCFinish                                         ../../libraries/adc.o
ADCSetAdjust                                      ../../libraries/adc.o
ADCSetChannel                                     ../../libraries/adc.o
ADCSetFreeRunning                                 ../../libraries/adc.o
ADCSetPrescaler                                   ../../libraries/adc.o
ADCSetReference                                   ../../libraries/adc.o
ADCStart                                          ../../libraries/adc.o
ReadADC                                           ../../libraries/adc.o
                                                  main.o
ReadADCAveraged                                   ../../libraries/adc.o
ReadPreciseADC                                    ../../libraries/adc.o
ReadPreciseADCAveraged                            ../../libraries/adc.o
SetupADC                                          ../../libraries/adc.o
                                                  main.o
__bad_interrupt                                   c:/winavr-20100110/bin/../lib/gcc/avr/4.3.3/../../../../avr/lib/avr25/crttn261.o
__bss_end                                         c:/winavr-20100110/bin/../lib/gcc/avr/4.3.3/avr25\libgcc.a(_clear_bss.o)
__bss_start                                       c:/winavr-20100110/bin/../lib/gcc/avr/4.3.3/avr25\libgcc.a(_clear_bss.o)
__do_clear_bss                                    c:/winavr-20100110/bin/../lib/gcc/avr/4.3.3/avr25\libgcc.a(_clear_bss.o)
                                                  ../../libraries/speedometer.o
                                                  ../../libraries/motor_ctl.o
__heap_end                                        c:/winavr-20100110/bin/../lib/gcc/avr/4.3.3/../../../../avr/lib/avr25/crttn261.o
__init                                            c:/winavr-20100110/bin/../lib/gcc/avr/4.3.3/../../../../avr/lib/avr25/crttn261.o
__mulhi3                                          c:/winavr-20100110/bin/../lib/gcc/avr/4.3.3/avr25\libgcc.a(_mulhi3.o)
                                                  main.o
__stack                                           c:/winavr-20100110/bin/../lib/gcc/avr/4.3.3/../../../../avr/lib/avr25/crttn261.o
__udivmodhi4                                      c:/winavr-20100110/bin/../lib/gcc/avr/4.3.3/avr25\libgcc.a(_udivmodhi4.o)
                                                  ../../libraries/adc.o
__vector_1                                        c:/winavr-20100110/bin/../lib/gcc/avr/4.3.3/../../../../avr/lib/avr25/crttn261.o
__vector_10                                       c:/winavr-20100110/bin/../lib/gcc/avr/4.3.3/../../../../avr/lib/avr25/crttn261.o
__vector_11                                       c:/winavr-20100110/bin/../lib/gcc/avr/4.3.3/../../../../avr/lib/avr25/crttn261.o
__vector_12                                       c:/winavr-20100110/bin/../lib/gcc/avr/4.3.3/../../../../avr/lib/avr25/crttn261.o
__vector_13                                       c:/winavr-20100110/bin/../lib/gcc/avr/4.3.3/../../../../avr/lib/avr25/crttn261.o
__vector_14                                       c:/winavr-20100110/bin/../lib/gcc/avr/4.3.3/../../../../avr/lib/avr25/crttn261.o
__vector_15                                       c:/winavr-20100110/bin/../lib/gcc/avr/4.3.3/../../../../avr/lib/avr25/crttn261.o
__vector_16                                       c:/winavr-20100110/bin/../lib/gcc/avr/4.3.3/../../../../avr/lib/avr25/crttn261.o
__vector_17                                       c:/winavr-20100110/bin/../lib/gcc/avr/4.3.3/../../../../avr/lib/avr25/crttn261.o
__vector_18                                       c:/winavr-20100110/bin/../lib/gcc/avr/4.3.3/../../../../avr/lib/avr25/crttn261.o
__vector_2                                        c:/winavr-20100110/bin/../lib/gcc/avr/4.3.3/../../../../avr/lib/avr25/crttn261.o
__vector_3                                        c:/winavr-20100110/bin/../lib/gcc/avr/4.3.3/../../../../avr/lib/avr25/crttn261.o
__vector_4                                        c:/winavr-20100110/bin/../lib/gcc/avr/4.3.3/../../../../avr/lib/avr25/crttn261.o
__vector_5                                        c:/winavr-20100110/bin/../lib/gcc/avr/4.3.3/../../../../avr/lib/avr25/crttn261.o
__vector_6                                        c:/winavr-20100110/bin/../lib/gcc/avr/4.3.3/../../../../avr/lib/avr25/crttn261.o
__vector_7                                        c:/winavr-20100110/bin/../lib/gcc/avr/4.3.3/../../../../avr/lib/avr25/crttn261.o
__vector_8                                        c:/winavr-20100110/bin/../lib/gcc/avr/4.3.3/../../../../avr/lib/avr25/crttn261.o
__vector_9                                        c:/winavr-20100110/bin/../lib/gcc/avr/4.3.3/../../../../avr/lib/avr25/crttn261.o
__vector_default                                  c:/winavr-20100110/bin/../lib/gcc/avr/4.3.3/../../../../avr/lib/avr25/crttn261.o
__vectors                                         c:/winavr-20100110/bin/../lib/gcc/avr/4.3.3/../../../../avr/lib/avr25/crttn261.o
_exit                                             c:/winavr-20100110/bin/../lib/gcc/avr/4.3.3/avr25\libgcc.a(_exit.o)
exit                                              c:/winavr-20100110/bin/../lib/gcc/avr/4.3.3/avr25\libgcc.a(_exit.o)
                                                  c:/winavr-20100110/bin/../lib/gcc/avr/4.3.3/../../../../avr/lib/avr25/crttn261.o
led0_Pin                                          ../../libraries/speedometer.o
led0_Port                                         ../../libraries/speedometer.o
led1_Pin                                          ../../libraries/speedometer.o
led1_Port                                         ../../libraries/speedometer.o
led2_Pin                                          ../../libraries/speedometer.o
led2_Port                                         ../../libraries/speedometer.o
led3_Pin                                          ../../libraries/speedometer.o
led3_Port                                         ../../libraries/speedometer.o
main                                              main.o
                                                  c:/winavr-20100110/bin/../lib/gcc/avr/4.3.3/../../../../avr/lib/avr25/crttn261.o
maskedCopy                                        ../../libraries/util.o
                                                  ../../libraries/motor_ctl.o
motorA                                            ../../libraries/motor_ctl.o
motorA_Forward                                    ../../libraries/motor_ctl.o
motorA_Reverse                                    ../../libraries/motor_ctl.o
motorA_Stop                                       ../../libraries/motor_ctl.o
motorA_forwardPin                                 ../../libraries/motor_ctl.o
motorA_forwardPort                                ../../libraries/motor_ctl.o
motorA_reversePin                                 ../../libraries/motor_ctl.o
motorA_reversePort                                ../../libraries/motor_ctl.o
motorB                                            ../../libraries/motor_ctl.o
                                                  main.o
motorB_Forward                                    ../../libraries/motor_ctl.o
                                                  main.o
motorB_Reverse                                    ../../libraries/motor_ctl.o
                                                  main.o
motorB_Stop                                       ../../libraries/motor_ctl.o
                                                  main.o
motorB_forwardPin                                 ../../libraries/motor_ctl.o
motorB_forwardPort                                ../../libraries/motor_ctl.o
motorB_reversePin                                 ../../libraries/motor_ctl.o
motorB_reversePort                                ../../libraries/motor_ctl.o
setDutyCycleA                                     ../../libraries/motor_ctl.o
setDutyCycleB                                     ../../libraries/motor_ctl.o
setupIO                                           main.o
setupPWM                                          ../../libraries/motor_ctl.o
                                                  main.o
speedometer                                       ../../libraries/speedometer.o
                                                  main.o
updateSpeedometer                                 ../../libraries/speedometer.o
                                                  main.o
